d:\PRN222\JiraGithubExportSystem\JIRA-GITHUB-EXPORT-SYSTEM\services\integration\Controllers\AnalyticsController.cs(10,2): error CS0579: Duplicate 'ApiController' attribute [d:\PRN222\JiraGithubExportSystem\JIRA-GITHUB-EXPORT-SYSTEM\services\integration\IntegrationService.csproj]

Build FAILED.

d:\PRN222\JiraGithubExportSystem\JIRA-GITHUB-EXPORT-SYSTEM\services\integration\Controllers\AnalyticsController.cs(10,2): error CS0579: Duplicate 'ApiController' attribute [d:\PRN222\JiraGithubExportSystem\JIRA-GITHUB-EXPORT-SYSTEM\services\integration\IntegrationService.csproj]
    0 Warning(s)
    1 Error(s)

Time Elapsed 00:00:02.23
